// Jest Snapshot v1, https://goo.gl/fbAQLP

exports[`Slug renders Slug component 1`] = `
<div>
  <p>
    <strong>
      Slug
    </strong>
  </p>
  <input
    placeholder="your-article-slug"
    value="ai-generated-slug"
  />
  <div
    class="apbe-button-group"
  >
    <button
      class="primary"
    >
      Generate
    </button>
    <button
      class="secondary"
    >
      Icon
    </button>
  </div>
</div>
`;
